[yangfengstat.github.io/snab2025/index.html]
[backblue.gif]
[fade.gif]
[index.html]
[yangfengstat.github.io/snab2025/assets/img/snab.jpg]
[yangfengstat.github.io/snab2025/assets/img/hotel.jpg]
[yangfengstat.github.io/snab2025/schedule/index.html]
[yangfengstat.github.io/snab2025/speakers/index.html]
[yangfengstat.github.io/snab2025/venue/index.html]
[yangfengstat.github.io/snab2025/assets/img/photos/snab-2025-1.jpg]
[yangfengstat.github.io/snab2025/contact/index.html]
[yangfengstat.github.io/snab2025/assets/img/photos/snab-2025-2.jpg]
[yangfengstat.github.io/snab2025/assets/img/photos/snab-2025-poster-award.jpg]
[yangfengstat.github.io/snab2025/assets/pdf/SNAB2022 Workshop Brochure.pdf]
[yangfengstat.github.io/snab2025/assets/img/ims.png]
[yangfengstat.github.io/snab2025/index.html]
[cdn.jsdelivr.net/npm/mathjax@3/es5/tex-svg.js]
[yangfengstat.github.io/snab2025/assets/talks/Qiwei Yao.pdf]
[yangfengstat.github.io/snab2025/assets/talks/Jiaming Xu.pdf]
[yangfengstat.github.io/snab2025/assets/talks/Yuting Wei.pdf]
[yangfengstat.github.io/snab2025/assets/talks/Lexing Xie.pdf]
[yangfengstat.github.io/snab2025/assets/talks/Takeru Matsuda.pdf]
[yangfengstat.github.io/snab2025/assets/talks/Lexin Li.pdf]
[yangfengstat.github.io/snab2025/assets/talks/Jeff Yao.pdf]
[yangfengstat.github.io/snab2025/assets/talks/Yuqi Gu.pdf]
[yangfengstat.github.io/snab2025/assets/talks/Yi Yu.pdf]
[yangfengstat.github.io/snab2025/assets/talks/Wanjie Wang.pdf]
[yangfengstat.github.io/snab2025/assets/talks/Annie Qu.pdf]
[yangfengstat.github.io/snab2025/assets/talks/Peter Song.pdf]
[yangfengstat.github.io/snab2025/assets/talks/Aaron Bramson.pdf]
[yangfengstat.github.io/snab2025/assets/talks/Ji Oon Lee.pdf]
[yangfengstat.github.io/snab2025/assets/talks/Nick Whiteley.pdf]
[yangfengstat.github.io/snab2025/schedule/index.html]
[yangfengstat.github.io/snab2025/speakers/index.html]
[yangfengstat.github.io/snab2025/assets/img/floorplan.png]
[yangfengstat.github.io/snab2025/venue/index.html]
[yangfengstat.github.io/snab2025/contact/index.html]
